[INFO] Scanning for projects...
[INFO] 
[INFO] ---------------------< com.example:CalendarOnline >---------------------
[INFO] Building CalendarOnline 0.0.1-SNAPSHOT
[INFO]   from pom.xml
[INFO] --------------------------------[ jar ]---------------------------------
[INFO] 
[INFO] >>> spring-boot:4.0.6:run (default-cli) > test-compile @ CalendarOnline >>>
[INFO] 
[INFO] --- resources:3.3.1:resources (default-resources) @ CalendarOnline ---
[INFO] Copying 1 resource from src\main\resources to target\classes
[INFO] Copying 13 resources from src\main\resources to target\classes
[INFO] 
[INFO] --- compiler:3.14.1:compile (default-compile) @ CalendarOnline ---
[INFO] Nothing to compile - all classes are up to date.
[INFO] 
[INFO] --- resources:3.3.1:testResources (default-testResources) @ CalendarOnline ---
[INFO] skip non existing resourceDirectory C:\Users\kvalentini\Desktop\workspace-resevo\CalendarOnline\src\test\resources
[INFO] 
[INFO] --- compiler:3.14.1:testCompile (default-testCompile) @ CalendarOnline ---
[INFO] Nothing to compile - all classes are up to date.
[INFO] 
[INFO] <<< spring-boot:4.0.6:run (default-cli) < test-compile @ CalendarOnline <<<
[INFO] 
[INFO] 
[INFO] --- spring-boot:4.0.6:run (default-cli) @ CalendarOnline ---
[INFO] Attaching agents: []

  .   ____          _            __ _ _
 /\\ / ___'_ __ _ _(_)_ __  __ _ \ \ \ \
( ( )\___ | '_ | '_| | '_ \/ _` | \ \ \ \
 \\/  ___)| |_)| | | | | || (_| |  ) ) ) )
  '  |____| .__|_| |_|_| |_\__, | / / / /
 =========|_|==============|___/=/_/_/_/

 :: Spring Boot ::                (v4.0.6)

2026-07-02T16:35:48.982+02:00  INFO 5740 --- [CalendarOnline] [           main] c.e.c.CalendarOnlineApplication          : Starting CalendarOnlineApplication using Java 17.0.13 with PID 5740 (C:\Users\kvalentini\Desktop\workspace-resevo\CalendarOnline\target\classes started by kvalentini in C:\Users\kvalentini\Desktop\workspace-resevo\CalendarOnline)
2026-07-02T16:35:48.987+02:00  INFO 5740 --- [CalendarOnline] [           main] c.e.c.CalendarOnlineApplication          : No active profile set, falling back to 1 default profile: "default"
2026-07-02T16:35:50.039+02:00  INFO 5740 --- [CalendarOnline] [           main] .s.d.r.c.RepositoryConfigurationDelegate : Bootstrapping Spring Data JPA repositories in DEFAULT mode.
2026-07-02T16:35:50.175+02:00  INFO 5740 --- [CalendarOnline] [           main] .s.d.r.c.RepositoryConfigurationDelegate : Finished Spring Data repository scanning in 119 ms. Found 3 JPA repository interfaces.
2026-07-02T16:35:52.793+02:00  INFO 5740 --- [CalendarOnline] [           main] o.s.boot.tomcat.TomcatWebServer          : Tomcat initialized with port 8080 (http)
2026-07-02T16:35:52.868+02:00  INFO 5740 --- [CalendarOnline] [           main] o.apache.catalina.core.StandardService   : Starting service [Tomcat]
2026-07-02T16:35:52.870+02:00  INFO 5740 --- [CalendarOnline] [           main] o.apache.catalina.core.StandardEngine    : Starting Servlet engine: [Apache Tomcat/11.0.21]
2026-07-02T16:35:53.166+02:00  INFO 5740 --- [CalendarOnline] [           main] b.w.c.s.WebApplicationContextInitializer : Root WebApplicationContext: initialization completed in 4108 ms
2026-07-02T16:35:53.843+02:00  INFO 5740 --- [CalendarOnline] [           main] org.hibernate.orm.jpa                    : HHH008540: Processing PersistenceUnitInfo [name: default]
2026-07-02T16:35:54.070+02:00  INFO 5740 --- [CalendarOnline] [           main] org.hibernate.orm.core                   : HHH000001: Hibernate ORM core version 7.2.12.Final
2026-07-02T16:35:55.885+02:00  INFO 5740 --- [CalendarOnline] [           main] o.s.o.j.p.SpringPersistenceUnitInfo      : No LoadTimeWeaver setup: ignoring JPA class transformer
2026-07-02T16:35:56.054+02:00  INFO 5740 --- [CalendarOnline] [           main] com.zaxxer.hikari.HikariDataSource       : HikariPool-1 - Starting...
2026-07-02T16:35:56.626+02:00  INFO 5740 --- [CalendarOnline] [           main] com.zaxxer.hikari.pool.HikariPool        : HikariPool-1 - Added connection org.postgresql.jdbc.PgConnection@126254ec
2026-07-02T16:35:56.633+02:00  INFO 5740 --- [CalendarOnline] [           main] com.zaxxer.hikari.HikariDataSource       : HikariPool-1 - Start completed.
2026-07-02T16:35:56.932+02:00  INFO 5740 --- [CalendarOnline] [           main] org.hibernate.orm.connections.pooling    : HHH10001005: Database info:
	Database JDBC URL [jdbc:postgresql://localhost:5432/budgetdb]
	Database driver: PostgreSQL JDBC Driver
	Database dialect: PostgreSQLDialect
	Database version: 16.14
	Default catalog/schema: budgetdb/public
	Autocommit mode: undefined/unknown
	Isolation level: READ_COMMITTED [default READ_COMMITTED]
	JDBC fetch size: none
	Pool: DataSourceConnectionProvider
	Minimum pool size: undefined/unknown
	Maximum pool size: undefined/unknown
2026-07-02T16:36:01.160+02:00  INFO 5740 --- [CalendarOnline] [           main] org.hibernate.orm.core                   : HHH000489: No JTA platform available (set 'hibernate.transaction.jta.platform' to enable JTA platform integration)
2026-07-02T16:36:01.340+02:00  INFO 5740 --- [CalendarOnline] [           main] j.LocalContainerEntityManagerFactoryBean : Initialized JPA EntityManagerFactory for persistence unit 'default'
2026-07-02T16:36:01.782+02:00  INFO 5740 --- [CalendarOnline] [           main] o.s.d.j.r.query.QueryEnhancerFactories   : Hibernate is in classpath; If applicable, HQL parser will be used.
2026-07-02T16:36:05.528+02:00  INFO 5740 --- [CalendarOnline] [           main] r$InitializeUserDetailsManagerConfigurer : Global AuthenticationManager configured with UserDetailsService bean with name users
2026-07-02T16:36:06.214+02:00  INFO 5740 --- [CalendarOnline] [           main] o.s.b.w.a.WelcomePageHandlerMapping      : Adding welcome page: class path resource [static/index.html]
2026-07-02T16:36:07.501+02:00  INFO 5740 --- [CalendarOnline] [           main] o.a.kafka.common.config.AbstractConfig   : AdminClientConfig values: 
	bootstrap.controllers = []
	bootstrap.servers = [localhost:9094]
	client.dns.lookup = use_all_dns_ips
	client.id = CalendarOnline-admin-0
	connections.max.idle.ms = 300000
	default.api.timeout.ms = 60000
	enable.metrics.push = false
	metadata.max.age.ms = 300000
	metadata.recovery.rebootstrap.trigger.ms = 300000
	metadata.recovery.strategy = rebootstrap
	metric.reporters = [org.apache.kafka.common.metrics.JmxReporter]
	metrics.num.samples = 2
	metrics.recording.level = INFO
	metrics.sample.window.ms = 30000
	receive.buffer.bytes = 65536
	reconnect.backoff.max.ms = 1000
	reconnect.backoff.ms = 50
	request.timeout.ms = 30000
	retries = 2147483647
	retry.backoff.max.ms = 1000
	retry.backoff.ms = 100
	sasl.client.callback.handler.class = null
	sasl.jaas.config = null
	sasl.kerberos.kinit.cmd = /usr/bin/kinit
	sasl.kerberos.min.time.before.relogin = 60000
	sasl.kerberos.service.name = null
	sasl.kerberos.ticket.renew.jitter = 0.05
	sasl.kerberos.ticket.renew.window.factor = 0.8
	sasl.login.callback.handler.class = null
	sasl.login.class = null
	sasl.login.connect.timeout.ms = null
	sasl.login.read.timeout.ms = null
	sasl.login.refresh.buffer.seconds = 300
	sasl.login.refresh.min.period.seconds = 60
	sasl.login.refresh.window.factor = 0.8
	sasl.login.refresh.window.jitter = 0.05
	sasl.login.retry.backoff.max.ms = 10000
	sasl.login.retry.backoff.ms = 100
	sasl.mechanism = GSSAPI
	sasl.oauthbearer.assertion.algorithm = RS256
	sasl.oauthbearer.assertion.claim.aud = null
	sasl.oauthbearer.assertion.claim.exp.seconds = 300
	sasl.oauthbearer.assertion.claim.iss = null
	sasl.oauthbearer.assertion.claim.jti.include = false
	sasl.oauthbearer.assertion.claim.nbf.seconds = 60
	sasl.oauthbearer.assertion.claim.sub = null
	sasl.oauthbearer.assertion.file = null
	sasl.oauthbearer.assertion.private.key.file = null
	sasl.oauthbearer.assertion.private.key.passphrase = null
	sasl.oauthbearer.assertion.template.file = null
	sasl.oauthbearer.client.credentials.client.id = null
	sasl.oauthbearer.client.credentials.client.secret = null
	sasl.oauthbearer.clock.skew.seconds = 30
	sasl.oauthbearer.expected.audience = null
	sasl.oauthbearer.expected.issuer = null
	sasl.oauthbearer.header.urlencode = false
	sasl.oauthbearer.jwks.endpoint.refresh.ms = 3600000
	sasl.oauthbearer.jwks.endpoint.retry.backoff.max.ms = 10000
	sasl.oauthbearer.jwks.endpoint.retry.backoff.ms = 100
	sasl.oauthbearer.jwks.endpoint.url = null
	sasl.oauthbearer.jwt.retriever.class = class org.apache.kafka.common.security.oauthbearer.DefaultJwtRetriever
	sasl.oauthbearer.jwt.validator.class = class org.apache.kafka.common.security.oauthbearer.DefaultJwtValidator
	sasl.oauthbearer.scope = null
	sasl.oauthbearer.scope.claim.name = scope
	sasl.oauthbearer.sub.claim.name = sub
	sasl.oauthbearer.token.endpoint.url = null
	security.protocol = PLAINTEXT
	security.providers = null
	send.buffer.bytes = 131072
	socket.connection.setup.timeout.max.ms = 30000
	socket.connection.setup.timeout.ms = 10000
	ssl.cipher.suites = null
	ssl.enabled.protocols = [TLSv1.2, TLSv1.3]
	ssl.endpoint.identification.algorithm = https
	ssl.engine.factory.class = null
	ssl.key.password = null
	ssl.keymanager.algorithm = SunX509
	ssl.keystore.certificate.chain = null
	ssl.keystore.key = null
	ssl.keystore.location = null
	ssl.keystore.password = null
	ssl.keystore.type = JKS
	ssl.protocol = TLSv1.3
	ssl.provider = null
	ssl.secure.random.implementation = null
	ssl.trustmanager.algorithm = PKIX
	ssl.truststore.certificates = null
	ssl.truststore.location = null
	ssl.truststore.password = null
	ssl.truststore.type = JKS

2026-07-02T16:36:07.895+02:00  INFO 5740 --- [CalendarOnline] [           main] o.a.kafka.common.utils.AppInfoParser     : Kafka version: 4.1.2
2026-07-02T16:36:07.897+02:00  INFO 5740 --- [CalendarOnline] [           main] o.a.kafka.common.utils.AppInfoParser     : Kafka commitId: c82fd9b934b4c1e6
2026-07-02T16:36:07.898+02:00  INFO 5740 --- [CalendarOnline] [           main] o.a.kafka.common.utils.AppInfoParser     : Kafka startTimeMs: 1783002967890
2026-07-02T16:36:09.447+02:00  INFO 5740 --- [CalendarOnline] [           main] o.apache.kafka.common.metrics.Metrics    : Metrics scheduler closed
2026-07-02T16:36:09.449+02:00  INFO 5740 --- [CalendarOnline] [           main] o.apache.kafka.common.metrics.Metrics    : Closing reporter org.apache.kafka.common.metrics.JmxReporter
2026-07-02T16:36:09.451+02:00  INFO 5740 --- [CalendarOnline] [           main] o.apache.kafka.common.metrics.Metrics    : Metrics reporters closed
2026-07-02T16:36:09.454+02:00  INFO 5740 --- [CalendarOnline] [rOnline-admin-0] o.a.kafka.common.utils.AppInfoParser     : App info kafka.admin.client for CalendarOnline-admin-0 unregistered
2026-07-02T16:36:09.472+02:00  INFO 5740 --- [CalendarOnline] [rOnline-admin-0] o.apache.kafka.common.metrics.Metrics    : Metrics scheduler closed
2026-07-02T16:36:09.474+02:00  INFO 5740 --- [CalendarOnline] [rOnline-admin-0] o.apache.kafka.common.metrics.Metrics    : Closing reporter org.apache.kafka.common.metrics.JmxReporter
2026-07-02T16:36:09.476+02:00  INFO 5740 --- [CalendarOnline] [rOnline-admin-0] o.apache.kafka.common.metrics.Metrics    : Metrics reporters closed
2026-07-02T16:36:09.544+02:00  INFO 5740 --- [CalendarOnline] [           main] o.s.boot.tomcat.TomcatWebServer          : Tomcat started on port 8080 (http) with context path '/'
2026-07-02T16:36:09.672+02:00  INFO 5740 --- [CalendarOnline] [           main] o.a.kafka.common.config.AbstractConfig   : ConsumerConfig values: 
	allow.auto.create.topics = true
	auto.commit.interval.ms = 5000
	auto.offset.reset = earliest
	bootstrap.servers = [localhost:9094]
	check.crcs = true
	client.dns.lookup = use_all_dns_ips
	client.id = consumer-budget-consumer-group-1
	client.rack = 
	connections.max.idle.ms = 540000
	default.api.timeout.ms = 60000
	enable.auto.commit = false
	enable.metrics.push = true
	exclude.internal.topics = true
	fetch.max.bytes = 52428800
	fetch.max.wait.ms = 500
	fetch.min.bytes = 1
	group.id = budget-consumer-group
	group.instance.id = null
	group.protocol = classic
	group.remote.assignor = null
	heartbeat.interval.ms = 3000
	interceptor.classes = []
	internal.leave.group.on.close = true
	internal.throw.on.fetch.stable.offset.unsupported = false
	isolation.level = read_uncommitted
	key.deserializer = class org.apache.kafka.common.serialization.StringDeserializer
	max.partition.fetch.bytes = 1048576
	max.poll.interval.ms = 300000
	max.poll.records = 500
	metadata.max.age.ms = 300000
	metadata.recovery.rebootstrap.trigger.ms = 300000
	metadata.recovery.strategy = rebootstrap
	metric.reporters = [org.apache.kafka.common.metrics.JmxReporter]
	metrics.num.samples = 2
	metrics.recording.level = INFO
	metrics.sample.window.ms = 30000
	partition.assignment.strategy = [class org.apache.kafka.clients.consumer.RangeAssignor, class org.apache.kafka.clients.consumer.CooperativeStickyAssignor]
	receive.buffer.bytes = 65536
	reconnect.backoff.max.ms = 1000
	reconnect.backoff.ms = 50
	request.timeout.ms = 30000
	retry.backoff.max.ms = 1000
	retry.backoff.ms = 100
	sasl.client.callback.handler.class = null
	sasl.jaas.config = null
	sasl.kerberos.kinit.cmd = /usr/bin/kinit
	sasl.kerberos.min.time.before.relogin = 60000
	sasl.kerberos.service.name = null
	sasl.kerberos.ticket.renew.jitter = 0.05
	sasl.kerberos.ticket.renew.window.factor = 0.8
	sasl.login.callback.handler.class = null
	sasl.login.class = null
	sasl.login.connect.timeout.ms = null
	sasl.login.read.timeout.ms = null
	sasl.login.refresh.buffer.seconds = 300
	sasl.login.refresh.min.period.seconds = 60
	sasl.login.refresh.window.factor = 0.8
	sasl.login.refresh.window.jitter = 0.05
	sasl.login.retry.backoff.max.ms = 10000
	sasl.login.retry.backoff.ms = 100
	sasl.mechanism = GSSAPI
	sasl.oauthbearer.assertion.algorithm = RS256
	sasl.oauthbearer.assertion.claim.aud = null
	sasl.oauthbearer.assertion.claim.exp.seconds = 300
	sasl.oauthbearer.assertion.claim.iss = null
	sasl.oauthbearer.assertion.claim.jti.include = false
	sasl.oauthbearer.assertion.claim.nbf.seconds = 60
	sasl.oauthbearer.assertion.claim.sub = null
	sasl.oauthbearer.assertion.file = null
	sasl.oauthbearer.assertion.private.key.file = null
	sasl.oauthbearer.assertion.private.key.passphrase = null
	sasl.oauthbearer.assertion.template.file = null
	sasl.oauthbearer.client.credentials.client.id = null
	sasl.oauthbearer.client.credentials.client.secret = null
	sasl.oauthbearer.clock.skew.seconds = 30
	sasl.oauthbearer.expected.audience = null
	sasl.oauthbearer.expected.issuer = null
	sasl.oauthbearer.header.urlencode = false
	sasl.oauthbearer.jwks.endpoint.refresh.ms = 3600000
	sasl.oauthbearer.jwks.endpoint.retry.backoff.max.ms = 10000
	sasl.oauthbearer.jwks.endpoint.retry.backoff.ms = 100
	sasl.oauthbearer.jwks.endpoint.url = null
	sasl.oauthbearer.jwt.retriever.class = class org.apache.kafka.common.security.oauthbearer.DefaultJwtRetriever
	sasl.oauthbearer.jwt.validator.class = class org.apache.kafka.common.security.oauthbearer.DefaultJwtValidator
	sasl.oauthbearer.scope = null
	sasl.oauthbearer.scope.claim.name = scope
	sasl.oauthbearer.sub.claim.name = sub
	sasl.oauthbearer.token.endpoint.url = null
	security.protocol = PLAINTEXT
	security.providers = null
	send.buffer.bytes = 131072
	session.timeout.ms = 45000
	share.acknowledgement.mode = implicit
	socket.connection.setup.timeout.max.ms = 30000
	socket.connection.setup.timeout.ms = 10000
	ssl.cipher.suites = null
	ssl.enabled.protocols = [TLSv1.2, TLSv1.3]
	ssl.endpoint.identification.algorithm = https
	ssl.engine.factory.class = null
	ssl.key.password = null
	ssl.keymanager.algorithm = SunX509
	ssl.keystore.certificate.chain = null
	ssl.keystore.key = null
	ssl.keystore.location = null
	ssl.keystore.password = null
	ssl.keystore.type = JKS
	ssl.protocol = TLSv1.3
	ssl.provider = null
	ssl.secure.random.implementation = null
	ssl.trustmanager.algorithm = PKIX
	ssl.truststore.certificates = null
	ssl.truststore.location = null
	ssl.truststore.password = null
	ssl.truststore.type = JKS
	value.deserializer = class org.springframework.kafka.support.serializer.JacksonJsonDeserializer

2026-07-02T16:36:09.814+02:00  INFO 5740 --- [CalendarOnline] [           main] o.a.k.c.t.i.KafkaMetricsCollector        : initializing Kafka metrics collector
2026-07-02T16:36:10.045+02:00  INFO 5740 --- [CalendarOnline] [           main] o.a.kafka.common.utils.AppInfoParser     : Kafka version: 4.1.2
2026-07-02T16:36:10.046+02:00  INFO 5740 --- [CalendarOnline] [           main] o.a.kafka.common.utils.AppInfoParser     : Kafka commitId: c82fd9b934b4c1e6
2026-07-02T16:36:10.047+02:00  INFO 5740 --- [CalendarOnline] [           main] o.a.kafka.common.utils.AppInfoParser     : Kafka startTimeMs: 1783002970045
2026-07-02T16:36:10.054+02:00  INFO 5740 --- [CalendarOnline] [           main] o.a.k.c.c.i.ClassicKafkaConsumer         : [Consumer clientId=consumer-budget-consumer-group-1, groupId=budget-consumer-group] Subscribed to topic(s): budget-events
2026-07-02T16:36:10.124+02:00  INFO 5740 --- [CalendarOnline] [           main] c.e.c.CalendarOnlineApplication          : Started CalendarOnlineApplication in 21.833 seconds (process running for 22.557)
2026-07-02T16:36:10.159+02:00  INFO 5740 --- [CalendarOnline] [ntainer#0-0-C-1] org.apache.kafka.clients.Metadata        : [Consumer clientId=consumer-budget-consumer-group-1, groupId=budget-consumer-group] Cluster ID: MkU3OEVBNTcwNTJENDM2Qg
2026-07-02T16:36:10.171+02:00  INFO 5740 --- [CalendarOnline] [ntainer#0-0-C-1] o.a.k.c.c.internals.ConsumerCoordinator  : [Consumer clientId=consumer-budget-consumer-group-1, groupId=budget-consumer-group] Discovered group coordinator localhost:9094 (id: 2147483646 rack: null isFenced: false)
2026-07-02T16:36:10.180+02:00  INFO 5740 --- [CalendarOnline] [ntainer#0-0-C-1] o.a.k.c.c.internals.ConsumerCoordinator  : [Consumer clientId=consumer-budget-consumer-group-1, groupId=budget-consumer-group] (Re-)joining group
2026-07-02T16:36:10.250+02:00  INFO 5740 --- [CalendarOnline] [ntainer#0-0-C-1] o.a.k.c.c.internals.ConsumerCoordinator  : [Consumer clientId=consumer-budget-consumer-group-1, groupId=budget-consumer-group] Request joining group due to: need to re-join with the given member-id: consumer-budget-consumer-group-1-2e48e7fd-e9d9-4b7c-8e2a-551008c905f5
2026-07-02T16:36:10.253+02:00  INFO 5740 --- [CalendarOnline] [ntainer#0-0-C-1] o.a.k.c.c.internals.ConsumerCoordinator  : [Consumer clientId=consumer-budget-consumer-group-1, groupId=budget-consumer-group] (Re-)joining group
2026-07-02T16:36:10.275+02:00  INFO 5740 --- [CalendarOnline] [ntainer#0-0-C-1] o.a.k.c.c.internals.ConsumerCoordinator  : [Consumer clientId=consumer-budget-consumer-group-1, groupId=budget-consumer-group] Successfully joined group with generation Generation{generationId=64, memberId='consumer-budget-consumer-group-1-2e48e7fd-e9d9-4b7c-8e2a-551008c905f5', protocol='range'}
2026-07-02T16:36:10.295+02:00  INFO 5740 --- [CalendarOnline] [ntainer#0-0-C-1] o.a.k.c.c.internals.ConsumerCoordinator  : [Consumer clientId=consumer-budget-consumer-group-1, groupId=budget-consumer-group] Finished assignment for group at generation 64: {consumer-budget-consumer-group-1-2e48e7fd-e9d9-4b7c-8e2a-551008c905f5=Assignment(partitions=[budget-events-0])}
2026-07-02T16:36:10.313+02:00  INFO 5740 --- [CalendarOnline] [ntainer#0-0-C-1] o.a.k.c.c.internals.ConsumerCoordinator  : [Consumer clientId=consumer-budget-consumer-group-1, groupId=budget-consumer-group] Successfully synced group in generation Generation{generationId=64, memberId='consumer-budget-consumer-group-1-2e48e7fd-e9d9-4b7c-8e2a-551008c905f5', protocol='range'}
2026-07-02T16:36:10.315+02:00  INFO 5740 --- [CalendarOnline] [ntainer#0-0-C-1] o.a.k.c.c.internals.ConsumerCoordinator  : [Consumer clientId=consumer-budget-consumer-group-1, groupId=budget-consumer-group] Notifying assignor about the new Assignment(partitions=[budget-events-0])
2026-07-02T16:36:10.322+02:00  INFO 5740 --- [CalendarOnline] [ntainer#0-0-C-1] k.c.c.i.ConsumerRebalanceListenerInvoker : [Consumer clientId=consumer-budget-consumer-group-1, groupId=budget-consumer-group] Adding newly assigned partitions: [budget-events-0]
2026-07-02T16:36:10.346+02:00  INFO 5740 --- [CalendarOnline] [ntainer#0-0-C-1] o.a.k.c.c.internals.ConsumerUtils        : Setting offset for partition budget-events-0 to the committed offset FetchPosition{offset=64, offsetEpoch=Optional.empty, currentLeader=LeaderAndEpoch{leader=Optional[localhost:9094 (id: 1 rack: null isFenced: false)], epoch=2}}
2026-07-02T16:36:10.357+02:00  INFO 5740 --- [CalendarOnline] [ntainer#0-0-C-1] o.s.k.l.KafkaMessageListenerContainer    : budget-consumer-group: partitions assigned: [budget-events-0]
